173.174.213.249 - - [02/Dec/2014:18:58:26 -0800] "GET /blog/wp-content/themes/prana/screenshot.png HTTP/1.1" 200 147019 "http://www.netstudio9.com/blog/wp-admin/themes.php" "Mozilla/5.0 (Macintosh; Intel Mac OS X 10_9_5) AppleWebKit/537.36 (KHTML, like Gecko) Chrome/39.0.2171.71 Safari/537.36"
173.174.213.249 - - [02/Dec/2014:18:58:26 -0800] "GET /blog/wp-content/themes/responsive/screenshot.png HTTP/1.1" 200 112640 "http://www.netstudio9.com/blog/wp-admin/themes.php" "Mozilla/5.0 (Macintosh; Intel Mac OS X 10_9_5) AppleWebKit/537.36 (KHTML, like Gecko) Chrome/39.0.2171.71 Safari/537.36"
173.174.213.249 - - [02/Dec/2014:18:58:26 -0800] "GET /blog/wp-content/themes/sundance/screenshot.png HTTP/1.1" 200 59210 "http://www.netstudio9.com/blog/wp-admin/themes.php" "Mozilla/5.0 (Macintosh; Intel Mac OS X 10_9_5) AppleWebKit/537.36 (KHTML, like Gecko) Chrome/39.0.2171.71 Safari/537.36"
173.174.213.249 - - [02/Dec/2014:18:58:27 -0800] "GET /blog/wp-content/themes/sunspot/screenshot.png HTTP/1.1" 200 67976 "http://www.netstudio9.com/blog/wp-admin/themes.php" "Mozilla/5.0 (Macintosh; Intel Mac OS X 10_9_5) AppleWebKit/537.36 (KHTML, like Gecko) Chrome/39.0.2171.71 Safari/537.36"
173.174.213.249 - - [02/Dec/2014:18:58:27 -0800] "GET /blog/wp-content/themes/toolbox/screenshot.png HTTP/1.1" 200 61532 "http://www.netstudio9.com/blog/wp-admin/themes.php" "Mozilla/5.0 (Macintosh; Intel Mac OS X 10_9_5) AppleWebKit/537.36 (KHTML, like Gecko) Chrome/39.0.2171.71 Safari/537.36"
173.174.213.249 - - [02/Dec/2014:18:58:27 -0800] "GET /blog/wp-content/themes/twentyeleven/screenshot.png HTTP/1.1" 200 198069 "http://www.netstudio9.com/blog/wp-admin/themes.php" "Mozilla/5.0 (Macintosh; Intel Mac OS X 10_9_5) AppleWebKit/537.36 (KHTML, like Gecko) Chrome/39.0.2171.71 Safari/537.36"
173.174.213.249 - - [02/Dec/2014:18:58:26 -0800] "GET /blog/wp-content/themes/portfolio-press/screenshot.png HTTP/1.1" 200 306328 "http://www.netstudio9.com/blog/wp-admin/themes.php" "Mozilla/5.0 (Macintosh; Intel Mac OS X 10_9_5) AppleWebKit/537.36 (KHTML, like Gecko) Chrome/39.0.2171.71 Safari/537.36"
173.174.213.249 - - [02/Dec/2014:18:58:27 -0800] "GET /blog/wp-content/themes/twentythirteen/screenshot.png HTTP/1.1" 200 78045 "http://www.netstudio9.com/blog/wp-admin/themes.php" "Mozilla/5.0 (Macintosh; Intel Mac OS X 10_9_5) AppleWebKit/537.36 (KHTML, like Gecko) Chrome/39.0.2171.71 Safari/537.36"
173.174.213.249 - - [02/Dec/2014:18:58:26 -0800] "GET /blog/wp-content/themes/pinboard/screenshot.png HTTP/1.1" 200 313459 "http://www.netstudio9.com/blog/wp-admin/themes.php" "Mozilla/5.0 (Macintosh; Intel Mac OS X 10_9_5) AppleWebKit/537.36 (KHTML, like Gecko) Chrome/39.0.2171.71 Safari/537.36"
173.174.213.249 - - [02/Dec/2014:18:58:27 -0800] "GET /blog/wp-content/themes/twentytwelve/screenshot.png HTTP/1.1" 200 323771 "http://www.netstudio9.com/blog/wp-admin/themes.php" "Mozilla/5.0 (Macintosh; Intel Mac OS X 10_9_5) AppleWebKit/537.36 (KHTML, like Gecko) Chrome/39.0.2171.71 Safari/537.36"
173.174.213.249 - - [02/Dec/2014:18:58:27 -0800] "GET /blog/wp-content/themes/twentyfourteen/screenshot.png HTTP/1.1" 200 617527 "http://www.netstudio9.com/blog/wp-admin/themes.php" "Mozilla/5.0 (Macintosh; Intel Mac OS X 10_9_5) AppleWebKit/537.36 (KHTML, like Gecko) Chrome/39.0.2171.71 Safari/537.36"
173.174.213.249 - - [02/Dec/2014:18:58:51 -0800] "GET /blog/wp-admin/plugin-install.php?tab=plugin-information&plugin=wpclef& HTTP/1.1" 200 9076 "http://www.netstudio9.com/blog/wp-admin/themes.php?search=flat" "Mozilla/5.0 (Macintosh; Intel Mac OS X 10_9_5) AppleWebKit/537.36 (KHTML, like Gecko) Chrome/39.0.2171.71 Safari/537.36"
173.174.213.249 - - [02/Dec/2014:18:58:53 -0800] "GET /blog/wp-content/plugins/counterize/counterize.js.php?ver=3.9.3 HTTP/1.1" 200 11486 "http://www.netstudio9.com/blog/wp-admin/plugin-install.php?tab=plugin-information&plugin=wpclef&" "Mozilla/5.0 (Macintosh; Intel Mac OS X 10_9_5) AppleWebKit/537.36 (KHTML, like Gecko) Chrome/39.0.2171.71 Safari/537.36"
173.174.213.249 - - [02/Dec/2014:18:59:26 -0800] "POST /blog/wp-admin/admin-ajax.php HTTP/1.1" 200 553 "http://www.netstudio9.com/blog/wp-admin/themes.php?search=flat" "Mozilla/5.0 (Macintosh; Intel Mac OS X 10_9_5) AppleWebKit/537.36 (KHTML, like Gecko) Chrome/39.0.2171.71 Safari/537.36"
173.174.213.249 - - [02/Dec/2014:18:59:52 -0800] "GET /blog/wp-content/plugins/counterize/counterize.php?external=1&href=http%3A//ps.w.org/wpclef/assets/screenshot-1.png%3Frev%3D1029779&from=http%3A//www.netstudio9.com/blog/wp-admin/plugin-install.php%3Ftab%3Dplugin-information%26plugin%3Dwpclef%26&time=1417575533 HTTP/1.1" 200 379 "http://www.netstudio9.com/blog/wp-admin/plugin-install.php?tab=plugin-information&plugin=wpclef&" "Mozilla/5.0 (Macintosh; Intel Mac OS X 10_9_5) AppleWebKit/537.36 (KHTML, like Gecko) Chrome/39.0.2171.71 Safari/537.36"
173.174.213.249 - - [02/Dec/2014:19:00:27 -0800] "POST /blog/wp-admin/admin-ajax.php HTTP/1.1" 200 553 "http://www.netstudio9.com/blog/wp-admin/themes.php?search=flat" "Mozilla/5.0 (Macintosh; Intel Mac OS X 10_9_5) AppleWebKit/537.36 (KHTML, like Gecko) Chrome/39.0.2171.71 Safari/537.36"
173.174.213.249 - - [02/Dec/2014:19:02:27 -0800] "POST /blog/wp-admin/admin-ajax.php HTTP/1.1" 200 553 "http://www.netstudio9.com/blog/wp-admin/themes.php?search=flat" "Mozilla/5.0 (Macintosh; Intel Mac OS X 10_9_5) AppleWebKit/537.36 (KHTML, like Gecko) Chrome/39.0.2171.71 Safari/537.36"
173.174.213.249 - - [02/Dec/2014:19:04:27 -0800] "POST /blog/wp-admin/admin-ajax.php HTTP/1.1" 200 553 "http://www.netstudio9.com/blog/wp-admin/themes.php?search=flat" "Mozilla/5.0 (Macintosh; Intel Mac OS X 10_9_5) AppleWebKit/537.36 (KHTML, like Gecko) Chrome/39.0.2171.71 Safari/537.36"
173.174.213.249 - - [02/Dec/2014:19:06:27 -0800] "POST /blog/wp-admin/admin-ajax.php HTTP/1.1" 200 553 "http://www.netstudio9.com/blog/wp-admin/themes.php?search=flat" "Mozilla/5.0 (Macintosh; Intel Mac OS X 10_9_5) AppleWebKit/537.36 (KHTML, like Gecko) Chrome/39.0.2171.71 Safari/537.36"
173.174.213.249 - - [02/Dec/2014:19:08:27 -0800] "POST /blog/wp-admin/admin-ajax.php HTTP/1.1" 200 553 "http://www.netstudio9.com/blog/wp-admin/themes.php?search=flat" "Mozilla/5.0 (Macintosh; Intel Mac OS X 10_9_5) AppleWebKit/537.36 (KHTML, like Gecko) Chrome/39.0.2171.71 Safari/537.36"
173.174.213.249 - - [02/Dec/2014:19:10:27 -0800] "POST /blog/wp-admin/admin-ajax.php HTTP/1.1" 200 553 "http://www.netstudio9.com/blog/wp-admin/themes.php?search=flat" "Mozilla/5.0 (Macintosh; Intel Mac OS X 10_9_5) AppleWebKit/537.36 (KHTML, like Gecko) Chrome/39.0.2171.71 Safari/537.36"
173.174.213.249 - - [02/Dec/2014:19:12:27 -0800] "POST /blog/wp-admin/admin-ajax.php HTTP/1.1" 200 553 "http://www.netstudio9.com/blog/wp-admin/themes.php?search=flat" "Mozilla/5.0 (Macintosh; Intel Mac OS X 10_9_5) AppleWebKit/537.36 (KHTML, like Gecko) Chrome/39.0.2171.71 Safari/537.36"
173.174.213.249 - - [02/Dec/2014:19:14:27 -0800] "POST /blog/wp-admin/admin-ajax.php HTTP/1.1" 200 553 "http://www.netstudio9.com/blog/wp-admin/themes.php?search=flat" "Mozilla/5.0 (Macintosh; Intel Mac OS X 10_9_5) AppleWebKit/537.36 (KHTML, like Gecko) Chrome/39.0.2171.71 Safari/537.36"
173.174.213.249 - - [02/Dec/2014:19:16:27 -0800] "POST /blog/wp-admin/admin-ajax.php HTTP/1.1" 200 553 "http://www.netstudio9.com/blog/wp-admin/themes.php?search=flat" "Mozilla/5.0 (Macintosh; Intel Mac OS X 10_9_5) AppleWebKit/537.36 (KHTML, like Gecko) Chrome/39.0.2171.71 Safari/537.36"
123.125.71.103 - - [02/Dec/2014:19:17:39 -0800] "GET / HTTP/1.1" 301 477 "-" "Mozilla/5.0 (compatible; Baiduspider/2.0; +http://www.baidu.com/search/spider.html)"
123.125.71.108 - - [02/Dec/2014:19:17:40 -0800] "GET / HTTP/1.1" 200 1224 "-" "Mozilla/5.0 (compatible; Baiduspider/2.0; +http://www.baidu.com/search/spider.html)"
208.113.217.92 - - [02/Dec/2014:19:17:40 -0800] "POST /blog/wp-cron.php?doing_wp_cron=1417576660.6532928943634033203125 HTTP/1.0" 200 394 "-" "WordPress/3.9.3; http://www.netstudio9.com"
173.174.213.249 - - [02/Dec/2014:19:18:02 -0800] "POST /blog/wp-admin/admin-ajax.php HTTP/1.1" 200 553 "http://www.netstudio9.com/blog/wp-admin/themes.php?search=flat" "Mozilla/5.0 (Macintosh; Intel Mac OS X 10_9_5) AppleWebKit/537.36 (KHTML, like Gecko) Chrome/39.0.2171.71 Safari/537.36"
173.174.213.249 - - [02/Dec/2014:19:19:02 -0800] "POST /blog/wp-admin/admin-ajax.php HTTP/1.1" 200 553 "http://www.netstudio9.com/blog/wp-admin/themes.php?search=flat" "Mozilla/5.0 (Macintosh; Intel Mac OS X 10_9_5) AppleWebKit/537.36 (KHTML, like Gecko) Chrome/39.0.2171.71 Safari/537.36"
173.174.213.249 - - [02/Dec/2014:19:21:02 -0800] "POST /blog/wp-admin/admin-ajax.php HTTP/1.1" 200 553 "http://www.netstudio9.com/blog/wp-admin/themes.php?search=flat" "Mozilla/5.0 (Macintosh; Intel Mac OS X 10_9_5) AppleWebKit/537.36 (KHTML, like Gecko) Chrome/39.0.2171.71 Safari/537.36"
208.113.217.92 - - [02/Dec/2014:19:21:37 -0800] "POST /blog/wp-cron.php?doing_wp_cron=1417576897.1627359390258789062500 HTTP/1.0" 200 394 "-" "WordPress/3.9.3; http://www.netstudio9.com"
220.181.108.158 - - [02/Dec/2014:19:21:36 -0800] "GET / HTTP/1.1" 200 1226 "-" "Mozilla/5.0 (compatible; Baiduspider/2.0; +http://www.baidu.com/search/spider.html)"
173.174.213.249 - - [02/Dec/2014:19:23:02 -0800] "POST /blog/wp-admin/admin-ajax.php HTTP/1.1" 200 553 "http://www.netstudio9.com/blog/wp-admin/themes.php?search=flat" "Mozilla/5.0 (Macintosh; Intel Mac OS X 10_9_5) AppleWebKit/537.36 (KHTML, like Gecko) Chrome/39.0.2171.71 Safari/537.36"
173.174.213.249 - - [02/Dec/2014:19:25:02 -0800] "POST /blog/wp-admin/admin-ajax.php HTTP/1.1" 200 553 "http://www.netstudio9.com/blog/wp-admin/themes.php?search=flat" "Mozilla/5.0 (Macintosh; Intel Mac OS X 10_9_5) AppleWebKit/537.36 (KHTML, like Gecko) Chrome/39.0.2171.71 Safari/537.36"
173.174.213.249 - - [02/Dec/2014:19:27:02 -0800] "POST /blog/wp-admin/admin-ajax.php HTTP/1.1" 200 553 "http://www.netstudio9.com/blog/wp-admin/themes.php?search=flat" "Mozilla/5.0 (Macintosh; Intel Mac OS X 10_9_5) AppleWebKit/537.36 (KHTML, like Gecko) Chrome/39.0.2171.71 Safari/537.36"
173.174.213.249 - - [02/Dec/2014:19:29:02 -0800] "POST /blog/wp-admin/admin-ajax.php HTTP/1.1" 200 553 "http://www.netstudio9.com/blog/wp-admin/themes.php?search=flat" "Mozilla/5.0 (Macintosh; Intel Mac OS X 10_9_5) AppleWebKit/537.36 (KHTML, like Gecko) Chrome/39.0.2171.71 Safari/537.36"
173.174.213.249 - - [02/Dec/2014:19:31:02 -0800] "POST /blog/wp-admin/admin-ajax.php HTTP/1.1" 200 553 "http://www.netstudio9.com/blog/wp-admin/themes.php?search=flat" "Mozilla/5.0 (Macintosh; Intel Mac OS X 10_9_5) AppleWebKit/537.36 (KHTML, like Gecko) Chrome/39.0.2171.71 Safari/537.36"
173.174.213.249 - - [02/Dec/2014:19:33:02 -0800] "POST /blog/wp-admin/admin-ajax.php HTTP/1.1" 200 553 "http://www.netstudio9.com/blog/wp-admin/themes.php?search=flat" "Mozilla/5.0 (Macintosh; Intel Mac OS X 10_9_5) AppleWebKit/537.36 (KHTML, like Gecko) Chrome/39.0.2171.71 Safari/537.36"
173.174.213.249 - - [02/Dec/2014:19:35:02 -0800] "POST /blog/wp-admin/admin-ajax.php HTTP/1.1" 200 553 "http://www.netstudio9.com/blog/wp-admin/themes.php?search=flat" "Mozilla/5.0 (Macintosh; Intel Mac OS X 10_9_5) AppleWebKit/537.36 (KHTML, like Gecko) Chrome/39.0.2171.71 Safari/537.36"
173.174.213.249 - - [02/Dec/2014:19:37:02 -0800] "POST /blog/wp-admin/admin-ajax.php HTTP/1.1" 200 553 "http://www.netstudio9.com/blog/wp-admin/themes.php?search=flat" "Mozilla/5.0 (Macintosh; Intel Mac OS X 10_9_5) AppleWebKit/537.36 (KHTML, like Gecko) Chrome/39.0.2171.71 Safari/537.36"
123.125.71.106 - - [02/Dec/2014:19:50:59 -0800] "GET / HTTP/1.1" 301 477 "-" "Mozilla/5.0 (compatible; Baiduspider/2.0; +http://www.baidu.com/search/spider.html)"
123.125.71.95 - - [02/Dec/2014:19:51:00 -0800] "GET / HTTP/1.1" 200 1222 "-" "Mozilla/5.0 (compatible; Baiduspider/2.0; +http://www.baidu.com/search/spider.html)"
208.113.217.92 - - [02/Dec/2014:19:51:01 -0800] "POST /blog/wp-cron.php?doing_wp_cron=1417578660.9445629119873046875000 HTTP/1.0" 200 394 "-" "WordPress/3.9.3; http://www.netstudio9.com"
208.113.217.92 - - [02/Dec/2014:19:54:56 -0800] "POST /blog/wp-cron.php?doing_wp_cron=1417578896.9743809700012207031250 HTTP/1.0" 200 394 "-" "WordPress/3.9.3; http://www.netstudio9.com"
220.181.108.92 - - [02/Dec/2014:19:54:56 -0800] "GET / HTTP/1.1" 200 1222 "-" "Mozilla/5.0 (compatible; Baiduspider/2.0; +http://www.baidu.com/search/spider.html)"
208.113.217.92 - - [02/Dec/2014:20:11:54 -0800] "POST /blog/wp-cron.php?doing_wp_cron=1417579913.8529469966888427734375 HTTP/1.0" 200 394 "-" "WordPress/3.9.3; http://www.netstudio9.com/blog"
180.76.6.230 - - [02/Dec/2014:20:11:52 -0800] "GET /blog/category/programming/ HTTP/1.1" 200 5120 "-" "Mozilla/5.0 (compatible; Baiduspider/2.0; +http://www.baidu.com/search/spider.html)"
123.125.71.16 - - [02/Dec/2014:20:24:19 -0800] "GET / HTTP/1.1" 301 477 "-" "Mozilla/5.0 (compatible; Baiduspider/2.0; +http://www.baidu.com/search/spider.html)"
123.125.71.29 - - [02/Dec/2014:20:24:20 -0800] "GET / HTTP/1.1" 200 1222 "-" "Mozilla/5.0 (compatible; Baiduspider/2.0; +http://www.baidu.com/search/spider.html)"
208.113.217.92 - - [02/Dec/2014:20:24:20 -0800] "POST /blog/wp-cron.php?doing_wp_cron=1417580660.7899119853973388671875 HTTP/1.0" 200 394 "-" "WordPress/3.9.3; http://www.netstudio9.com"
208.113.217.92 - - [02/Dec/2014:20:28:17 -0800] "POST /blog/wp-cron.php?doing_wp_cron=1417580897.0742199420928955078125 HTTP/1.0" 200 396 "-" "WordPress/3.9.3; http://www.netstudio9.com"
220.181.108.118 - - [02/Dec/2014:20:28:16 -0800] "GET / HTTP/1.1" 200 1222 "-" "Mozilla/5.0 (compatible; Baiduspider/2.0; +http://www.baidu.com/search/spider.html)"
61.135.190.102 - - [02/Dec/2014:20:35:01 -0800] "GET / HTTP/1.1" 200 1259 "http://www.baidu.com/s?wd=InternetStudio9%2CLLC" "Mozilla/5.0 (Windows; U; Windows NT 5.1; zh-CN; rv:1.9.2.15) Gecko/20110303 Firefox/3.6.15"
208.113.217.92 - - [02/Dec/2014:20:35:01 -0800] "POST /blog/wp-cron.php?doing_wp_cron=1417581301.6841719150543212890625 HTTP/1.0" 200 394 "-" "WordPress/3.9.3; http://www.netstudio9.com"
173.174.213.249 - - [02/Dec/2014:20:42:36 -0800] "POST /blog/wp-admin/admin-ajax.php HTTP/1.1" 200 553 "http://www.netstudio9.com/blog/wp-admin/themes.php?search=flat" "Mozilla/5.0 (Macintosh; Intel Mac OS X 10_9_5) AppleWebKit/537.36 (KHTML, like Gecko) Chrome/39.0.2171.71 Safari/537.36"
173.174.213.249 - - [02/Dec/2014:20:43:37 -0800] "POST /blog/wp-admin/admin-ajax.php HTTP/1.1" 200 553 "http://www.netstudio9.com/blog/wp-admin/themes.php?search=flat" "Mozilla/5.0 (Macintosh; Intel Mac OS X 10_9_5) AppleWebKit/537.36 (KHTML, like Gecko) Chrome/39.0.2171.71 Safari/537.36"
220.181.108.179 - - [02/Dec/2014:20:57:39 -0800] "GET / HTTP/1.1" 301 477 "-" "Mozilla/5.0 (compatible; Baiduspider/2.0; +http://www.baidu.com/search/spider.html)"
220.181.108.172 - - [02/Dec/2014:20:57:39 -0800] "GET / HTTP/1.1" 200 1222 "-" "Mozilla/5.0 (compatible; Baiduspider/2.0; +http://www.baidu.com/search/spider.html)"
208.113.217.92 - - [02/Dec/2014:20:57:40 -0800] "POST /blog/wp-cron.php?doing_wp_cron=1417582660.4062170982360839843750 HTTP/1.0" 200 394 "-" "WordPress/3.9.3; http://www.netstudio9.com"
208.113.217.92 - - [02/Dec/2014:21:01:36 -0800] "POST /blog/wp-cron.php?doing_wp_cron=1417582896.9648790359497070312500 HTTP/1.0" 200 394 "-" "WordPress/3.9.3; http://www.netstudio9.com"
123.125.71.24 - - [02/Dec/2014:21:01:36 -0800] "GET / HTTP/1.1" 200 1222 "-" "Mozilla/5.0 (compatible; Baiduspider/2.0; +http://www.baidu.com/search/spider.html)"
220.181.108.89 - - [02/Dec/2014:21:30:59 -0800] "GET / HTTP/1.1" 301 477 "-" "Mozilla/5.0 (compatible; Baiduspider/2.0; +http://www.baidu.com/search/spider.html)"
220.181.108.92 - - [02/Dec/2014:21:30:59 -0800] "GET / HTTP/1.1" 200 1222 "-" "Mozilla/5.0 (compatible; Baiduspider/2.0; +http://www.baidu.com/search/spider.html)"
208.113.217.92 - - [02/Dec/2014:21:31:00 -0800] "POST /blog/wp-cron.php?doing_wp_cron=1417584660.5513439178466796875000 HTTP/1.0" 200 394 "-" "WordPress/3.9.3; http://www.netstudio9.com"
208.113.217.92 - - [02/Dec/2014:21:34:16 -0800] "POST /blog/wp-cron.php?doing_wp_cron=1417584856.8910288810729980468750 HTTP/1.0" 200 394 "-" "WordPress/3.9.3; http://www.netstudio9.com"
66.249.64.186 - - [02/Dec/2014:21:34:16 -0800] "GET /robots.txt HTTP/1.1" 200 1261 "-" "Mozilla/5.0 (compatible; Googlebot/2.1; +http://www.google.com/bot.html)"
66.249.64.186 - - [02/Dec/2014:21:34:17 -0800] "GET /blog/wp-content/plugins/counterize/counterize.css.php?ver=3.9.3 HTTP/1.1" 200 7210 "-" "Mozilla/5.0 (compatible; Googlebot/2.1; +http://www.google.com/bot.html)"
66.249.64.182 - - [02/Dec/2014:21:34:17 -0800] "GET /blog/wp-content/themes/responsivepro/core/css/responsive.css?ver=1.9.4.6 HTTP/1.1" 200 6603 "-" "Mozilla/5.0 (compatible; Googlebot/2.1; +http://www.google.com/bot.html)"
66.249.64.190 - - [02/Dec/2014:21:34:18 -0800] "GET /blog/wp-content/themes/responsivepro/pro/lib/css/style.css?ver=1.0 HTTP/1.1" 200 3371 "-" "Mozilla/5.0 (compatible; Googlebot/2.1; +http://www.google.com/bot.html)"
66.249.64.182 - - [02/Dec/2014:21:34:19 -0800] "GET /blog/wp-content/plugins/foobox-image-lightbox/css/foobox.free.min.css?ver=1.0.3 HTTP/1.1" 200 21509 "-" "Mozilla/5.0 (compatible; Googlebot/2.1; +http://www.google.com/bot.html)"
123.125.71.21 - - [02/Dec/2014:21:34:56 -0800] "GET / HTTP/1.1" 200 1224 "-" "Mozilla/5.0 (compatible; Baiduspider/2.0; +http://www.baidu.com/search/spider.html)"
180.76.6.46 - - [02/Dec/2014:21:43:50 -0800] "GET /wp-content/plugins/counterize/counterize.css.php?ver=3.9.3 HTTP/1.1" 200 1203 "-" "Mozilla/5.0 (compatible; Baiduspider/2.0; +http://www.baidu.com/search/spider.html)"
208.113.217.92 - - [02/Dec/2014:21:43:51 -0800] "POST /blog/wp-cron.php?doing_wp_cron=1417585431.0024039745330810546875 HTTP/1.0" 200 396 "-" "WordPress/3.9.3; http://www.netstudio9.com"
123.125.71.48 - - [02/Dec/2014:22:04:19 -0800] "GET / HTTP/1.1" 301 477 "-" "Mozilla/5.0 (compatible; Baiduspider/2.0; +http://www.baidu.com/search/spider.html)"
123.125.71.51 - - [02/Dec/2014:22:04:20 -0800] "GET / HTTP/1.1" 200 1222 "-" "Mozilla/5.0 (compatible; Baiduspider/2.0; +http://www.baidu.com/search/spider.html)"
208.113.217.92 - - [02/Dec/2014:22:04:21 -0800] "POST /blog/wp-cron.php?doing_wp_cron=1417586661.5288910865783691406250 HTTP/1.0" 200 394 "-" "WordPress/3.9.3; http://www.netstudio9.com"
208.113.217.92 - - [02/Dec/2014:22:08:17 -0800] "POST /blog/wp-cron.php?doing_wp_cron=1417586896.9713499546051025390625 HTTP/1.0" 200 396 "-" "WordPress/3.9.3; http://www.netstudio9.com"
220.181.108.142 - - [02/Dec/2014:22:08:16 -0800] "GET / HTTP/1.1" 200 1222 "-" "Mozilla/5.0 (compatible; Baiduspider/2.0; +http://www.baidu.com/search/spider.html)"
123.125.71.47 - - [02/Dec/2014:22:37:39 -0800] "GET / HTTP/1.1" 301 477 "-" "Mozilla/5.0 (compatible; Baiduspider/2.0; +http://www.baidu.com/search/spider.html)"
123.125.71.53 - - [02/Dec/2014:22:37:40 -0800] "GET / HTTP/1.1" 200 1222 "-" "Mozilla/5.0 (compatible; Baiduspider/2.0; +http://www.baidu.com/search/spider.html)"
208.113.217.92 - - [02/Dec/2014:22:37:40 -0800] "POST /blog/wp-cron.php?doing_wp_cron=1417588660.6767840385437011718750 HTTP/1.0" 200 396 "-" "WordPress/3.9.3; http://www.netstudio9.com"
208.113.217.92 - - [02/Dec/2014:22:41:37 -0800] "POST /blog/wp-cron.php?doing_wp_cron=1417588897.1541700363159179687500 HTTP/1.0" 200 396 "-" "WordPress/3.9.3; http://www.netstudio9.com"
123.125.71.20 - - [02/Dec/2014:22:41:36 -0800] "GET / HTTP/1.1" 200 1224 "-" "Mozilla/5.0 (compatible; Baiduspider/2.0; +http://www.baidu.com/search/spider.html)"
66.249.64.52 - - [02/Dec/2014:23:04:12 -0800] "GET /robots.txt HTTP/1.1" 301 507 "-" "Mozilla/5.0 (compatible; Googlebot/2.1; +http://www.google.com/bot.html)"
66.249.64.182 - - [02/Dec/2014:23:04:12 -0800] "GET /robots.txt HTTP/1.1" 200 1259 "-" "Mozilla/5.0 (compatible; Googlebot/2.1; +http://www.google.com/bot.html)"
66.249.64.48 - - [02/Dec/2014:23:04:14 -0800] "GET / HTTP/1.1" 301 488 "-" "Mozilla/5.0 (iPhone; CPU iPhone OS 6_0 like Mac OS X) AppleWebKit/536.26 (KHTML, like Gecko) Version/6.0 Mobile/10A5376e Safari/8536.25 (compatible; Googlebot/2.1; +http://www.google.com/bot.html)"
66.249.64.186 - - [02/Dec/2014:23:04:14 -0800] "GET /robots.txt HTTP/1.1" 200 1259 "-" "Mozilla/5.0 (compatible; Googlebot/2.1; +http://www.google.com/bot.html)"
208.113.217.92 - - [02/Dec/2014:23:04:12 -0800] "POST /blog/wp-cron.php?doing_wp_cron=1417590252.9775800704956054687500 HTTP/1.0" 200 396 "-" "WordPress/3.9.3; http://www.netstudio9.com"
66.249.64.190 - - [02/Dec/2014:23:04:15 -0800] "GET / HTTP/1.1" 200 1259 "-" "Mozilla/5.0 (iPhone; CPU iPhone OS 6_0 like Mac OS X) AppleWebKit/536.26 (KHTML, like Gecko) Version/6.0 Mobile/10A5376e Safari/8536.25 (compatible; Googlebot/2.1; +http://www.google.com/bot.html)"
220.181.108.78 - - [02/Dec/2014:23:10:59 -0800] "GET / HTTP/1.1" 301 477 "-" "Mozilla/5.0 (compatible; Baiduspider/2.0; +http://www.baidu.com/search/spider.html)"
220.181.108.105 - - [02/Dec/2014:23:10:59 -0800] "GET / HTTP/1.1" 200 1222 "-" "Mozilla/5.0 (compatible; Baiduspider/2.0; +http://www.baidu.com/search/spider.html)"
208.113.217.92 - - [02/Dec/2014:23:11:00 -0800] "POST /blog/wp-cron.php?doing_wp_cron=1417590660.4038898944854736328125 HTTP/1.0" 200 394 "-" "WordPress/3.9.3; http://www.netstudio9.com"
123.125.71.16 - - [02/Dec/2014:23:44:19 -0800] "GET / HTTP/1.1" 301 477 "-" "Mozilla/5.0 (compatible; Baiduspider/2.0; +http://www.baidu.com/search/spider.html)"
123.125.71.14 - - [02/Dec/2014:23:44:20 -0800] "GET / HTTP/1.1" 200 1226 "-" "Mozilla/5.0 (compatible; Baiduspider/2.0; +http://www.baidu.com/search/spider.html)"
208.113.217.92 - - [02/Dec/2014:23:44:20 -0800] "POST /blog/wp-cron.php?doing_wp_cron=1417592660.7924749851226806640625 HTTP/1.0" 200 398 "-" "WordPress/3.9.3; http://www.netstudio9.com"
208.113.217.92 - - [02/Dec/2014:23:48:17 -0800] "POST /blog/wp-cron.php?doing_wp_cron=1417592897.1916599273681640625000 HTTP/1.0" 200 396 "-" "WordPress/3.9.3; http://www.netstudio9.com"
123.125.71.33 - - [02/Dec/2014:23:48:16 -0800] "GET / HTTP/1.1" 200 1226 "-" "Mozilla/5.0 (compatible; Baiduspider/2.0; +http://www.baidu.com/search/spider.html)"
123.125.71.29 - - [03/Dec/2014:00:17:39 -0800] "GET / HTTP/1.1" 301 477 "-" "Mozilla/5.0 (compatible; Baiduspider/2.0; +http://www.baidu.com/search/spider.html)"
123.125.71.21 - - [03/Dec/2014:00:17:39 -0800] "GET / HTTP/1.1" 200 1224 "-" "Mozilla/5.0 (compatible; Baiduspider/2.0; +http://www.baidu.com/search/spider.html)"
208.113.217.92 - - [03/Dec/2014:00:17:41 -0800] "POST /blog/wp-cron.php?doing_wp_cron=1417594661.2197608947753906250000 HTTP/1.0" 200 394 "-" "WordPress/3.9.3; http://www.netstudio9.com"
208.113.217.92 - - [03/Dec/2014:00:21:37 -0800] "POST /blog/wp-cron.php?doing_wp_cron=1417594897.2297439575195312500000 HTTP/1.0" 200 394 "-" "WordPress/3.9.3; http://www.netstudio9.com"
220.181.108.184 - - [03/Dec/2014:00:21:36 -0800] "GET / HTTP/1.1" 200 1222 "-" "Mozilla/5.0 (compatible; Baiduspider/2.0; +http://www.baidu.com/search/spider.html)"
180.76.6.14 - - [03/Dec/2014:00:32:13 -0800] "GET /blog/category/geographic-information-systems/ HTTP/1.1" 200 5895 "-" "Mozilla/5.0 (compatible; Baiduspider/2.0; +http://www.baidu.com/search/spider.html)"
208.113.217.92 - - [03/Dec/2014:00:32:14 -0800] "POST /blog/wp-cron.php?doing_wp_cron=1417595534.6754939556121826171875 HTTP/1.0" 200 394 "-" "WordPress/3.9.3; http://www.netstudio9.com/blog"
220.181.108.153 - - [03/Dec/2014:00:50:59 -0800] "GET / HTTP/1.1" 301 477 "-" "Mozilla/5.0 (compatible; Baiduspider/2.0; +http://www.baidu.com/search/spider.html)"
220.181.108.159 - - [03/Dec/2014:00:50:59 -0800] "GET / HTTP/1.1" 200 1222 "-" "Mozilla/5.0 (compatible; Baiduspider/2.0; +http://www.baidu.com/search/spider.html)"
208.113.217.92 - - [03/Dec/2014:00:51:00 -0800] "POST /blog/wp-cron.php?doing_wp_cron=1417596660.7092249393463134765625 HTTP/1.0" 200 394 "-" "WordPress/3.9.3; http://www.netstudio9.com"
217.111.201.30 - - [03/Dec/2014:00:53:34 -0800] "GET /blog/2014/07/09/programming-arc/ HTTP/1.1" 200 9612 "https://www.google.be/" "Mozilla/5.0 (Windows NT 6.1; WOW64) AppleWebKit/537.36 (KHTML, like Gecko) Chrome/39.0.2171.71 Safari/537.36"
217.111.201.30 - - [03/Dec/2014:00:53:35 -0800] "GET /blog/wp-content/plugins/foobox-image-lightbox/css/foobox.free.min.css?ver=1.0.3 HTTP/1.1" 200 21508 "http://www.netstudio9.com/blog/2014/07/09/programming-arc/" "Mozilla/5.0 (Windows NT 6.1; WOW64) AppleWebKit/537.36 (KHTML, like Gecko) Chrome/39.0.2171.71 Safari/537.36"
217.111.201.30 - - [03/Dec/2014:00:53:35 -0800] "GET /blog/wp-content/themes/responsivepro/pro/lib/css/style.css?ver=1.0 HTTP/1.1" 200 3371 "http://www.netstudio9.com/blog/2014/07/09/programming-arc/" "Mozilla/5.0 (Windows NT 6.1; WOW64) AppleWebKit/537.36 (KHTML, like Gecko) Chrome/39.0.2171.71 Safari/537.36"
217.111.201.30 - - [03/Dec/2014:00:53:35 -0800] "GET /blog/wp-content/plugins/counterize/counterize.css.php?ver=3.9.3 HTTP/1.1" 200 7211 "http://www.netstudio9.com/blog/2014/07/09/programming-arc/" "Mozilla/5.0 (Windows NT 6.1; WOW64) AppleWebKit/537.36 (KHTML, like Gecko) Chrome/39.0.2171.71 Safari/537.36"
217.111.201.30 - - [03/Dec/2014:00:53:35 -0800] "GET /blog/wp-content/themes/responsive-childtheme-pro-child-theme/style.css?ver=1.0.0 HTTP/1.1" 200 16944 "http://www.netstudio9.com/blog/2014/07/09/programming-arc/" "Mozilla/5.0 (Windows NT 6.1; WOW64) AppleWebKit/537.36 (KHTML, like Gecko) Chrome/39.0.2171.71 Safari/537.36"
217.111.201.30 - - [03/Dec/2014:00:53:35 -0800] "GET /blog/wp-content/themes/responsivepro/core/css/responsive.css?ver=1.9.4.6 HTTP/1.1" 200 6603 "http://www.netstudio9.com/blog/2014/07/09/programming-arc/" "Mozilla/5.0 (Windows NT 6.1; WOW64) AppleWebKit/537.36 (KHTML, like Gecko) Chrome/39.0.2171.71 Safari/537.36"
217.111.201.30 - - [03/Dec/2014:00:53:36 -0800] "GET /blog/wp-includes/js/jquery/jquery-migrate.min.js?ver=1.2.1 HTTP/1.1" 200 7483 "http://www.netstudio9.com/blog/2014/07/09/programming-arc/" "Mozilla/5.0 (Windows NT 6.1; WOW64) AppleWebKit/537.36 (KHTML, like Gecko) Chrome/39.0.2171.71 Safari/537.36"
217.111.201.30 - - [03/Dec/2014:00:53:36 -0800] "GET /blog/wp-content/themes/responsivepro/core/js/responsive-modernizr.min.js?ver=2.6.1 HTTP/1.1" 200 19364 "http://www.netstudio9.com/blog/2014/07/09/programming-arc/" "Mozilla/5.0 (Windows NT 6.1; WOW64) AppleWebKit/537.36 (KHTML, like Gecko) Chrome/39.0.2171.71 Safari/537.36"
217.111.201.30 - - [03/Dec/2014:00:53:36 -0800] "GET /blog/wp-content/plugins/counterize/counterize.js.php?ver=3.9.3 HTTP/1.1" 200 11486 "http://www.netstudio9.com/blog/2014/07/09/programming-arc/" "Mozilla/5.0 (Windows NT 6.1; WOW64) AppleWebKit/537.36 (KHTML, like Gecko) Chrome/39.0.2171.71 Safari/537.36"
217.111.201.30 - - [03/Dec/2014:00:53:36 -0800] "GET /blog/wp-content/themes/responsivepro/core/js/responsive-scripts.min.js?ver=1.2.5 HTTP/1.1" 200 10257 "http://www.netstudio9.com/blog/2014/07/09/programming-arc/" "Mozilla/5.0 (Windows NT 6.1; WOW64) AppleWebKit/537.36 (KHTML, like Gecko) Chrome/39.0.2171.71 Safari/537.36"
217.111.201.30 - - [03/Dec/2014:00:53:36 -0800] "GET /blog/wp-content/themes/responsivepro/core/js/jquery.placeholder.min.js?ver=2.0.7 HTTP/1.1" 200 3586 "http://www.netstudio9.com/blog/2014/07/09/programming-arc/" "Mozilla/5.0 (Windows NT 6.1; WOW64) AppleWebKit/537.36 (KHTML, like Gecko) Chrome/39.0.2171.71 Safari/537.36"
217.111.201.30 - - [03/Dec/2014:00:53:36 -0800] "GET /blog/wp-content/themes/responsivepro/core/css/style.css?ver=1.9.4.6 HTTP/1.1" 200 62247 "http://www.netstudio9.com/blog/2014/07/09/programming-arc/" "Mozilla/5.0 (Windows NT 6.1; WOW64) AppleWebKit/537.36 (KHTML, like Gecko) Chrome/39.0.2171.71 Safari/537.36"
217.111.201.30 - - [03/Dec/2014:00:53:36 -0800] "GET /blog/wp-includes/js/comment-reply.min.js?ver=3.9.3 HTTP/1.1" 200 1038 "http://www.netstudio9.com/blog/2014/07/09/programming-arc/" "Mozilla/5.0 (Windows NT 6.1; WOW64) AppleWebKit/537.36 (KHTML, like Gecko) Chrome/39.0.2171.71 Safari/537.36"
217.111.201.30 - - [03/Dec/2014:00:53:36 -0800] "GET /blog/wp-content/plugins/foobox-image-lightbox/js/foobox.free.min.js?ver=1.0.3 HTTP/1.1" 200 40012 "http://www.netstudio9.com/blog/2014/07/09/programming-arc/" "Mozilla/5.0 (Windows NT 6.1; WOW64) AppleWebKit/537.36 (KHTML, like Gecko) Chrome/39.0.2171.71 Safari/537.36"
217.111.201.30 - - [03/Dec/2014:00:53:36 -0800] "GET /blog/wp-content/uploads/2014/08/sky.png HTTP/1.1" 200 83429 "http://www.netstudio9.com/blog/2014/07/09/programming-arc/" "Mozilla/5.0 (Windows NT 6.1; WOW64) AppleWebKit/537.36 (KHTML, like Gecko) Chrome/39.0.2171.71 Safari/537.36"
208.113.217.92 - - [03/Dec/2014:00:53:36 -0800] "POST /blog/wp-cron.php?doing_wp_cron=1417596816.6608850955963134765625 HTTP/1.0" 200 394 "-" "WordPress/3.9.3; http://www.netstudio9.com"
217.111.201.30 - - [03/Dec/2014:00:53:36 -0800] "GET /blog/wp-content/plugins/akismet/_inc/form.js?ver=3.0.0 HTTP/1.1" 403 1185 "http://www.netstudio9.com/blog/2014/07/09/programming-arc/" "Mozilla/5.0 (Windows NT 6.1; WOW64) AppleWebKit/537.36 (KHTML, like Gecko) Chrome/39.0.2171.71 Safari/537.36"
217.111.201.30 - - [03/Dec/2014:00:53:37 -0800] "GET /blog/wp-content/uploads/2014/08/arctic-ocean-basemap_full1.jpg HTTP/1.1" 200 338213 "http://www.netstudio9.com/blog/wp-content/themes/responsive-childtheme-pro-child-theme/style.css?ver=1.0.0" "Mozilla/5.0 (Windows NT 6.1; WOW64) AppleWebKit/537.36 (KHTML, like Gecko) Chrome/39.0.2171.71 Safari/537.36"
217.111.201.30 - - [03/Dec/2014:00:53:38 -0800] "GET /blog/wp-content/plugins/foobox-image-lightbox/css/font/foobox.woff HTTP/1.1" 200 13729 "http://www.netstudio9.com/blog/wp-content/plugins/foobox-image-lightbox/css/foobox.free.min.css?ver=1.0.3" "Mozilla/5.0 (Windows NT 6.1; WOW64) AppleWebKit/537.36 (KHTML, like Gecko) Chrome/39.0.2171.71 Safari/537.36"
208.113.217.92 - - [03/Dec/2014:00:54:57 -0800] "POST /blog/wp-cron.php?doing_wp_cron=1417596897.4242420196533203125000 HTTP/1.0" 200 394 "-" "WordPress/3.9.3; http://www.netstudio9.com"
123.125.71.53 - - [03/Dec/2014:00:54:56 -0800] "GET / HTTP/1.1" 200 1222 "-" "Mozilla/5.0 (compatible; Baiduspider/2.0; +http://www.baidu.com/search/spider.html)"